 Container standmeet-dev-backend-1 Stopping 
 Container standmeet-dev-backend-1 Stopped 
 Container standmeet-dev-backend-1 Removing 
 Container standmeet-dev-backend-1 Removed 
 Container standmeet-dev-db-1 Stopping 
 Container standmeet-dev-redis-1 Stopping 
 Container standmeet-dev-redis-1 Stopped 
 Container standmeet-dev-redis-1 Removing 
 Container standmeet-dev-db-1 Stopped 
 Container standmeet-dev-db-1 Removing 
 Container standmeet-dev-redis-1 Removed 
 Container standmeet-dev-db-1 Removed 
 Network standmeet-dev_default Removing 
 Volume standmeet-dev_redisdata Removing 
 Volume standmeet-dev_pgdata Removing 
 Volume standmeet-dev_pgdata Removed 
 Volume standmeet-dev_redisdata Removed 
 Network standmeet-dev_default Removed 
 Network standmeet-dev_default Creating 
 Network standmeet-dev_default Created 
 Volume standmeet-dev_pgdata Creating 
 Volume standmeet-dev_pgdata Created 
 Volume standmeet-dev_redisdata Creating 
 Volume standmeet-dev_redisdata Created 
 Container standmeet-dev-db-1 Creating 
 Container standmeet-dev-redis-1 Creating 
 Container standmeet-dev-db-1 Created 
 Container standmeet-dev-redis-1 Created 
 Container standmeet-dev-backend-1 Creating 
 Container standmeet-dev-backend-1 Created 
 Container standmeet-dev-db-1 Starting 
 Container standmeet-dev-redis-1 Starting 
 Container standmeet-dev-redis-1 Started 
 Container standmeet-dev-db-1 Started 
 Container standmeet-dev-db-1 Waiting 
 Container standmeet-dev-redis-1 Waiting 
 Container standmeet-dev-redis-1 Healthy 
 Container standmeet-dev-db-1 Healthy 
 Container standmeet-dev-backend-1 Starting 
 Container standmeet-dev-backend-1 Started 
 Container standmeet-dev-backend-1 Waiting 
 Container standmeet-dev-db-1 Waiting 
 Container standmeet-dev-redis-1 Waiting 
 Container standmeet-dev-db-1 Healthy 
 Container standmeet-dev-redis-1 Healthy 
 Container standmeet-dev-backend-1 Healthy 
